// Jest Snapshot v1, https://goo.gl/fbAQLP

exports[`it renders a Hello World welcome message 1`] = `
<h1>
  Hello World
</h1>
`;
